Downloading deptry (1.8MiB)
Downloading uv (22.1MiB)
Downloading mkdocs (3.7MiB)
Downloading ruff (10.6MiB)
Downloading pyright (6.1MiB)
Downloading virtualenv (5.6MiB)
Downloading jedi (1.5MiB)
Downloading debugpy (4.1MiB)
Downloading zensical (11.9MiB)
 Downloaded deptry
 Downloaded mkdocs
 Downloaded debugpy
 Downloaded virtualenv
 Downloaded ruff
 Downloaded uv
 Downloaded jedi
 Downloaded pyright
 Downloaded zensical
Installed 66 packages in 390ms
============================= test session starts ==============================
platform linux -- Python 3.12.3, pytest-9.0.2, pluggy-1.6.0
rootdir: /home/runner/work/idfkit-mcp/idfkit-mcp
configfile: pyproject.toml
testpaths: tests
plugins: asyncio-1.3.0, cov-7.0.0, anyio-4.12.1
asyncio: mode=Mode.AUTO, debug=False, asyncio_default_fixture_loop_scope=None, asyncio_default_test_loop_scope=function
collected 228 items

tests/test_integration.py ...                                            [  1%]
tests/test_integrity_tool.py .........                                   [  5%]
tests/test_migration_tools.py ..............                             [ 11%]
tests/test_read_tools.py .............................                   [ 24%]
tests/test_schema_tools.py ......................                        [ 33%]
tests/test_server.py ..........                                          [ 38%]
tests/test_session_concurrency.py ..............                         [ 44%]
tests/test_session_persistence.py ....................                   [ 53%]
tests/test_simulation_tools.py ..............................            [ 66%]
tests/test_tools_docs.py ....................                            [ 75%]
tests/test_validation_tools.py ....                                      [ 76%]
tests/test_weather_tools.py .........                                    [ 80%]
tests/test_write_tools.py ..................................             [ 95%]
tests/test_zone_properties_tool.py ..........                            [100%]

============================= 228 passed in 22.62s =============================
